0 verbose cli /usr/local/bin/node /usr/local/bin/npm
1 info using npm@11.7.0
2 info using node@v24.11.0
3 silly config load:file:/usr/local/lib/node_modules/npm/npmrc
4 silly config load:file:/Users/benjamin/Projects/Kuva-v2/kuva-latest/.npmrc
5 silly config load:file:/Users/benjamin/.npmrc
6 silly config load:file:/usr/local/etc/npmrc
7 verbose title npm run dev
8 verbose argv "run" "dev"
9 verbose logfile logs-max:10 dir:/Users/benjamin/Projects/Kuva-v2/kuva-latest/.npm-cache/_logs/2026-05-06T07_41_03_494Z-
10 verbose logfile /Users/benjamin/Projects/Kuva-v2/kuva-latest/.npm-cache/_logs/2026-05-06T07_41_03_494Z-debug-0.log
11 silly logfile start cleaning logs, removing 1 files
12 silly logfile done cleaning log files
13 http fetch GET 200 https://registry.npmjs.org/npm 320ms
14 verbose cwd /Users/benjamin/Projects/Kuva-v2/kuva-latest
15 verbose os Darwin 25.1.0
16 verbose node v24.11.0
17 verbose npm  v11.7.0
18 notice
18 notice New [33mminor[39m version of npm available! [33m11.7.0[39m -> [34m11.13.0[39m
18 notice Changelog: [34mhttps://github.com/npm/cli/releases/tag/v11.13.0[39m
18 notice To update run: [4mnpm install -g npm@11.13.0[24m
18 notice  { force: true, Symbol(proc-log.meta): true }
19 verbose exit 0
20 info ok
