0 verbose cli /usr/local/bin/node /usr/local/bin/npm
1 info using npm@11.7.0
2 info using node@v24.11.0
3 silly config load:file:/usr/local/lib/node_modules/npm/npmrc
4 silly config load:file:/Users/benjamin/Projects/Kuva-v2/kuva-latest/.npmrc
5 silly config load:file:/Users/benjamin/.npmrc
6 silly config load:file:/usr/local/etc/npmrc
7 verbose title npm install @supabase/ssr
8 verbose argv "install" "@supabase/ssr"
9 verbose logfile logs-max:10 dir:/Users/benjamin/Projects/Kuva-v2/kuva-latest/.npm-cache/_logs/2026-04-29T05_38_32_870Z-
10 verbose logfile /Users/benjamin/Projects/Kuva-v2/kuva-latest/.npm-cache/_logs/2026-04-29T05_38_32_870Z-debug-0.log
11 silly logfile done cleaning log files
12 silly packumentCache heap:4496293888 maxSize:1124073472 maxEntrySize:562036736
13 silly idealTree buildDeps
14 silly fetch manifest @supabase/ssr@*
15 silly packumentCache full:https://registry.npmjs.org/@supabase%2fssr cache-miss
16 http fetch GET 200 https://registry.npmjs.org/@supabase%2fssr 838ms (cache miss)
17 silly packumentCache full:https://registry.npmjs.org/@supabase%2fssr set size:undefined disposed:false
18 silly fetch manifest @supabase/supabase-js@^2.43.4
19 silly packumentCache full:https://registry.npmjs.org/@supabase%2fsupabase-js cache-miss
20 http fetch GET 200 https://registry.npmjs.org/@supabase%2fsupabase-js 1013ms (cache revalidated)
21 silly packumentCache full:https://registry.npmjs.org/@supabase%2fsupabase-js set size:3157386 disposed:false
22 silly placeDep ROOT @supabase/ssr@0.10.2 OK for: kuva-marketplace@0.1.0 want: *
23 silly fetch manifest cookie@^1.0.2
24 silly packumentCache full:https://registry.npmjs.org/cookie cache-miss
25 http fetch GET 200 https://registry.npmjs.org/cookie 22ms (cache miss)
26 silly packumentCache full:https://registry.npmjs.org/cookie set size:undefined disposed:false
27 silly placeDep ROOT cookie@1.1.1 OK for: @supabase/ssr@0.10.2 want: ^1.0.2
28 silly reify moves {}
29 silly audit bulk request {
29 silly audit   '@alloc/quick-lru': [ '5.2.0' ],
29 silly audit   '@emnapi/core': [ '1.10.0' ],
29 silly audit   '@emnapi/runtime': [ '1.10.0' ],
29 silly audit   '@emnapi/wasi-threads': [ '1.2.1' ],
29 silly audit   '@eslint-community/eslint-utils': [ '4.9.1' ],
29 silly audit   '@eslint-community/regexpp': [ '4.12.2' ],
29 silly audit   '@eslint/eslintrc': [ '2.1.4' ],
29 silly audit   '@eslint/js': [ '8.57.1' ],
29 silly audit   '@humanwhocodes/config-array': [ '0.13.0' ],
29 silly audit   '@humanwhocodes/module-importer': [ '1.0.1' ],
29 silly audit   '@humanwhocodes/object-schema': [ '2.0.3' ],
29 silly audit   '@isaacs/cliui': [ '8.0.2' ],
29 silly audit   'ansi-regex': [ '6.2.2', '5.0.1' ],
29 silly audit   'strip-ansi': [ '7.2.0', '6.0.1' ],
29 silly audit   '@jridgewell/gen-mapping': [ '0.3.13' ],
29 silly audit   '@jridgewell/resolve-uri': [ '3.1.2' ],
29 silly audit   '@jridgewell/sourcemap-codec': [ '1.5.5' ],
29 silly audit   '@jridgewell/trace-mapping': [ '0.3.31' ],
29 silly audit   '@napi-rs/wasm-runtime': [ '0.2.12' ],
29 silly audit   '@next/env': [ '14.2.3' ],
29 silly audit   '@next/eslint-plugin-next': [ '14.2.3' ],
29 silly audit   '@next/swc-darwin-arm64': [ '14.2.3' ],
29 silly audit   '@next/swc-darwin-x64': [ '14.2.3' ],
29 silly audit   '@next/swc-linux-arm64-gnu': [ '14.2.3' ],
29 silly audit   '@next/swc-linux-arm64-musl': [ '14.2.3' ],
29 silly audit   '@next/swc-linux-x64-gnu': [ '14.2.3' ],
29 silly audit   '@next/swc-linux-x64-musl': [ '14.2.3' ],
29 silly audit   '@next/swc-win32-arm64-msvc': [ '14.2.3' ],
29 silly audit   '@next/swc-win32-ia32-msvc': [ '14.2.3' ],
29 silly audit   '@next/swc-win32-x64-msvc': [ '14.2.3' ],
29 silly audit   '@nodelib/fs.scandir': [ '2.1.5' ],
29 silly audit   '@nodelib/fs.stat': [ '2.0.5' ],
29 silly audit   '@nodelib/fs.walk': [ '1.2.8' ],
29 silly audit   '@nolyfill/is-core-module': [ '1.0.39' ],
29 silly audit   '@pkgjs/parseargs': [ '0.11.0' ],
29 silly audit   '@rtsao/scc': [ '1.1.0' ],
29 silly audit   '@rushstack/eslint-patch': [ '1.16.1' ],
29 silly audit   '@supabase/auth-js': [ '2.105.1' ],
29 silly audit   '@supabase/functions-js': [ '2.105.1' ],
29 silly audit   '@supabase/phoenix': [ '0.4.1' ],
29 silly audit   '@supabase/postgrest-js': [ '2.105.1' ],
29 silly audit   '@supabase/realtime-js': [ '2.105.1' ],
29 silly audit   '@supabase/storage-js': [ '2.105.1' ],
29 silly audit   '@supabase/supabase-js': [ '2.105.1' ],
29 silly audit   '@swc/counter': [ '0.1.3' ],
29 silly audit   '@swc/helpers': [ '0.5.5' ],
29 silly audit   '@tybys/wasm-util': [ '0.10.1' ],
29 silly audit   '@types/json5': [ '0.0.29' ],
29 silly audit   '@types/node': [ '20.19.39' ],
29 silly audit   '@types/prop-types': [ '15.7.15' ],
29 silly audit   '@types/react': [ '18.3.28' ],
29 silly audit   '@types/react-dom': [ '18.3.7' ],
29 silly audit   '@types/ws': [ '8.18.1' ],
29 silly audit   '@typescript-eslint/parser': [ '7.2.0' ],
29 silly audit   '@typescript-eslint/scope-manager': [ '7.2.0' ],
29 silly audit   '@typescript-eslint/types': [ '7.2.0' ],
29 silly audit   '@typescript-eslint/typescript-estree': [ '7.2.0' ],
29 silly audit   'brace-expansion': [ '2.1.0', '1.1.14' ],
29 silly audit   minimatch: [ '9.0.3', '9.0.9', '3.1.5' ],
29 silly audit   '@typescript-eslint/visitor-keys': [ '7.2.0' ],
29 silly audit   '@ungap/structured-clone': [ '1.3.0' ],
29 silly audit   '@unrs/resolver-binding-android-arm-eabi': [ '1.11.1' ],
29 silly audit   '@unrs/resolver-binding-android-arm64': [ '1.11.1' ],
29 silly audit   '@unrs/resolver-binding-darwin-arm64': [ '1.11.1' ],
29 silly audit   '@unrs/resolver-binding-darwin-x64': [ '1.11.1' ],
29 silly audit   '@unrs/resolver-binding-freebsd-x64': [ '1.11.1' ],
29 silly audit   '@unrs/resolver-binding-linux-arm-gnueabihf': [ '1.11.1' ],
29 silly audit   '@unrs/resolver-binding-linux-arm-musleabihf': [ '1.11.1' ],
29 silly audit   '@unrs/resolver-binding-linux-arm64-gnu': [ '1.11.1' ],
29 silly audit   '@unrs/resolver-binding-linux-arm64-musl': [ '1.11.1' ],
29 silly audit   '@unrs/resolver-binding-linux-ppc64-gnu': [ '1.11.1' ],
29 silly audit   '@unrs/resolver-binding-linux-riscv64-gnu': [ '1.11.1' ],
29 silly audit   '@unrs/resolver-binding-linux-riscv64-musl': [ '1.11.1' ],
29 silly audit   '@unrs/resolver-binding-linux-s390x-gnu': [ '1.11.1' ],
29 silly audit   '@unrs/resolver-binding-linux-x64-gnu': [ '1.11.1' ],
29 silly audit   '@unrs/resolver-binding-linux-x64-musl': [ '1.11.1' ],
29 silly audit   '@unrs/resolver-binding-wasm32-wasi': [ '1.11.1' ],
29 silly audit   '@unrs/resolver-binding-win32-arm64-msvc': [ '1.11.1' ],
29 silly audit   '@unrs/resolver-binding-win32-ia32-msvc': [ '1.11.1' ],
29 silly audit   '@unrs/resolver-binding-win32-x64-msvc': [ '1.11.1' ],
29 silly audit   acorn: [ '8.16.0' ],
29 silly audit   'acorn-jsx': [ '5.3.2' ],
29 silly audit   ajv: [ '6.15.0' ],
29 silly audit   'ansi-styles': [ '4.3.0', '6.2.3' ],
29 silly audit   'any-promise': [ '1.3.0' ],
29 silly audit   anymatch: [ '3.1.3' ],
29 silly audit   arg: [ '5.0.2' ],
29 silly audit   argparse: [ '2.0.1' ],
29 silly audit   'aria-query': [ '5.3.2' ],
29 silly audit   'array-buffer-byte-length': [ '1.0.2' ],
29 silly audit   'array-includes': [ '3.1.9' ],
29 silly audit   'array-union': [ '2.1.0' ],
29 silly audit   'array.prototype.findlast': [ '1.2.5' ],
29 silly audit   'array.prototype.findlastindex': [ '1.2.6' ],
29 silly audit   'array.prototype.flat': [ '1.3.3' ],
29 silly audit   'array.prototype.flatmap': [ '1.3.3' ],
29 silly audit   'array.prototype.tosorted': [ '1.1.4' ],
29 silly audit   'arraybuffer.prototype.slice': [ '1.0.4' ],
29 silly audit   'ast-types-flow': [ '0.0.8' ],
29 silly audit   'async-function': [ '1.0.0' ],
29 silly audit   'available-typed-arrays': [ '1.0.7' ],
29 silly audit   'axe-core': [ '4.11.3' ],
29 silly audit   'axobject-query': [ '4.1.0' ],
29 silly audit   'balanced-match': [ '1.0.2' ],
29 silly audit   'binary-extensions': [ '2.3.0' ],
29 silly audit   braces: [ '3.0.3' ],
29 silly audit   busboy: [ '1.6.0' ],
29 silly audit   'call-bind': [ '1.0.9' ],
29 silly audit   'call-bind-apply-helpers': [ '1.0.2' ],
29 silly audit   'call-bound': [ '1.0.4' ],
29 silly audit   callsites: [ '3.1.0' ],
29 silly audit   'camelcase-css': [ '2.0.1' ],
29 silly audit   'caniuse-lite': [ '1.0.30001791' ],
29 silly audit   chalk: [ '4.1.2' ],
29 silly audit   chokidar: [ '3.6.0' ],
29 silly audit   'glob-parent': [ '5.1.2', '6.0.2' ],
29 silly audit   'client-only': [ '0.0.1' ],
29 silly audit   'color-convert': [ '2.0.1' ],
29 silly audit   'color-name': [ '1.1.4' ],
29 silly audit   commander: [ '4.1.1' ],
29 silly audit   'concat-map': [ '0.0.1' ],
29 silly audit   'cross-spawn': [ '7.0.6' ],
29 silly audit   cssesc: [ '3.0.0' ],
29 silly audit   csstype: [ '3.2.3' ],
29 silly audit   'damerau-levenshtein': [ '1.0.8' ],
29 silly audit   'data-view-buffer': [ '1.0.2' ],
29 silly audit   'data-view-byte-length': [ '1.0.2' ],
29 silly audit   'data-view-byte-offset': [ '1.0.1' ],
29 silly audit   debug: [ '4.4.3', '3.2.7' ],
29 silly audit   'deep-is': [ '0.1.4' ],
29 silly audit   'define-data-property': [ '1.1.4' ],
29 silly audit   'define-properties': [ '1.2.1' ],
29 silly audit   didyoumean: [ '1.2.2' ],
29 silly audit   'dir-glob': [ '3.0.1' ],
29 silly audit   dlv: [ '1.1.3' ],
29 silly audit   doctrine: [ '3.0.0', '2.1.0' ],
29 silly audit   'dunder-proto': [ '1.0.1' ],
29 silly audit   eastasianwidth: [ '0.2.0' ],
29 silly audit   'emoji-regex': [ '9.2.2', '8.0.0' ],
29 silly audit   'es-abstract': [ '1.24.2' ],
29 silly audit   'es-define-property': [ '1.0.1' ],
29 silly audit   'es-errors': [ '1.3.0' ],
29 silly audit   'es-iterator-helpers': [ '1.3.2' ],
29 silly audit   'es-object-atoms': [ '1.1.1' ],
29 silly audit   'es-set-tostringtag': [ '2.1.0' ],
29 silly audit   'es-shim-unscopables': [ '1.1.0' ],
29 silly audit   'es-to-primitive': [ '1.3.0' ],
29 silly audit   'escape-string-regexp': [ '4.0.0' ],
29 silly audit   eslint: [ '8.57.1' ],
29 silly audit   'eslint-config-next': [ '14.2.3' ],
29 silly audit   'eslint-import-resolver-node': [ '0.3.10' ],
29 silly audit   'eslint-import-resolver-typescript': [ '3.10.1' ],
29 silly audit   'eslint-module-utils': [ '2.12.1' ],
29 silly audit   'eslint-plugin-import': [ '2.32.0' ],
29 silly audit   semver: [ '6.3.1', '7.7.4' ],
29 silly audit   'eslint-plugin-jsx-a11y': [ '6.10.2' ],
29 silly audit   'eslint-plugin-react': [ '7.37.5' ],
29 silly audit   'eslint-plugin-react-hooks': [ '5.0.0-canary-7118f5dd7-20230705' ],
29 silly audit   'eslint-scope': [ '7.2.2' ],
29 silly audit   'eslint-visitor-keys': [ '3.4.3' ],
29 silly audit   espree: [ '9.6.1' ],
29 silly audit   esquery: [ '1.7.0' ],
29 silly audit   esrecurse: [ '4.3.0' ],
29 silly audit   estraverse: [ '5.3.0' ],
29 silly audit   esutils: [ '2.0.3' ],
29 silly audit   'fast-deep-equal': [ '3.1.3' ],
29 silly audit   'fast-glob': [ '3.3.3' ],
29 silly audit   'fast-json-stable-stringify': [ '2.1.0' ],
29 silly audit   'fast-levenshtein': [ '2.0.6' ],
29 silly audit   fastq: [ '1.20.1' ],
29 silly audit   'file-entry-cache': [ '6.0.1' ],
29 silly audit   'fill-range': [ '7.1.1' ],
29 silly audit   'find-up': [ '5.0.0' ],
29 silly audit   'flat-cache': [ '3.2.0' ],
29 silly audit   flatted: [ '3.4.2' ],
29 silly audit   'for-each': [ '0.3.5' ],
29 silly audit   'foreground-child': [ '3.3.1' ],
29 silly audit   'fs.realpath': [ '1.0.0' ],
29 silly audit   fsevents: [ '2.3.3' ],
29 silly audit   'function-bind': [ '1.1.2' ],
29 silly audit   'function.prototype.name': [ '1.1.8' ],
29 silly audit   'functions-have-names': [ '1.2.3' ],
29 silly audit   'generator-function': [ '2.0.1' ],
29 silly audit   'get-intrinsic': [ '1.3.0' ],
29 silly audit   'get-proto': [ '1.0.1' ],
29 silly audit   'get-symbol-description': [ '1.1.0' ],
29 silly audit   'get-tsconfig': [ '4.14.0' ],
29 silly audit   glob: [ '10.3.10', '7.2.3' ],
29 silly audit   globals: [ '13.24.0' ],
29 silly audit   globalthis: [ '1.0.4' ],
29 silly audit   globby: [ '11.1.0' ],
29 silly audit   gopd: [ '1.2.0' ],
29 silly audit   'graceful-fs': [ '4.2.11' ],
29 silly audit   graphemer: [ '1.4.0' ],
29 silly audit   'has-bigints': [ '1.1.0' ],
29 silly audit   'has-flag': [ '4.0.0' ],
29 silly audit   'has-property-descriptors': [ '1.0.2' ],
29 silly audit   'has-proto': [ '1.2.0' ],
29 silly audit   'has-symbols': [ '1.1.0' ],
29 silly audit   'has-tostringtag': [ '1.0.2' ],
29 silly audit   hasown: [ '2.0.3' ],
29 silly audit   'iceberg-js': [ '0.8.1' ],
29 silly audit   ignore: [ '5.3.2' ],
29 silly audit   'import-fresh': [ '3.3.1' ],
29 silly audit   imurmurhash: [ '0.1.4' ],
29 silly audit   inflight: [ '1.0.6' ],
29 silly audit   inherits: [ '2.0.4' ],
29 silly audit   'internal-slot': [ '1.1.0' ],
29 silly audit   'is-array-buffer': [ '3.0.5' ],
29 silly audit   'is-async-function': [ '2.1.1' ],
29 silly audit   'is-bigint': [ '1.1.0' ],
29 silly audit   'is-binary-path': [ '2.1.0' ],
29 silly audit   'is-boolean-object': [ '1.2.2' ],
29 silly audit   'is-bun-module': [ '2.0.0' ],
29 silly audit   'is-callable': [ '1.2.7' ],
29 silly audit   'is-core-module': [ '2.16.1' ],
29 silly audit   'is-data-view': [ '1.0.2' ],
29 silly audit   'is-date-object': [ '1.1.0' ],
29 silly audit   'is-extglob': [ '2.1.1' ],
29 silly audit   'is-finalizationregistry': [ '1.1.1' ],
29 silly audit   'is-fullwidth-code-point': [ '3.0.0' ],
29 silly audit   'is-generator-function': [ '1.1.2' ],
29 silly audit   'is-glob': [ '4.0.3' ],
29 silly audit   'is-map': [ '2.0.3' ],
29 silly audit   'is-negative-zero': [ '2.0.3' ],
29 silly audit   'is-number': [ '7.0.0' ],
29 silly audit   'is-number-object': [ '1.1.1' ],
29 silly audit   'is-path-inside': [ '3.0.3' ],
29 silly audit   'is-regex': [ '1.2.1' ],
29 silly audit   'is-set': [ '2.0.3' ],
29 silly audit   'is-shared-array-buffer': [ '1.0.4' ],
29 silly audit   'is-string': [ '1.1.1' ],
29 silly audit   'is-symbol': [ '1.1.1' ],
29 silly audit   'is-typed-array': [ '1.1.15' ],
29 silly audit   'is-weakmap': [ '2.0.2' ],
29 silly audit   'is-weakref': [ '1.1.1' ],
29 silly audit   'is-weakset': [ '2.0.4' ],
29 silly audit   isarray: [ '2.0.5' ],
29 silly audit   isexe: [ '2.0.0' ],
29 silly audit   'iterator.prototype': [ '1.1.5' ],
29 silly audit   jackspeak: [ '2.3.6' ],
29 silly audit   jiti: [ '1.21.7' ],
29 silly audit   'js-tokens': [ '4.0.0' ],
29 silly audit   'js-yaml': [ '4.1.1' ],
29 silly audit   'json-buffer': [ '3.0.1' ],
29 silly audit   'json-schema-traverse': [ '0.4.1' ],
29 silly audit   'json-stable-stringify-without-jsonify': [ '1.0.1' ],
29 silly audit   json5: [ '1.0.2' ],
29 silly audit   'jsx-ast-utils': [ '3.3.5' ],
29 silly audit   keyv: [ '4.5.4' ],
29 silly audit   'language-subtag-registry': [ '0.3.23' ],
29 silly audit   'language-tags': [ '1.0.9' ],
29 silly audit   levn: [ '0.4.1' ],
29 silly audit   lilconfig: [ '3.1.3' ],
29 silly audit   'lines-and-columns': [ '1.2.4' ],
29 silly audit   'locate-path': [ '6.0.0' ],
29 silly audit   'lodash.merge': [ '4.6.2' ],
29 silly audit   'loose-envify': [ '1.4.0' ],
29 silly audit   'lru-cache': [ '10.4.3' ],
29 silly audit   'lucide-react': [ '0.379.0' ],
29 silly audit   'math-intrinsics': [ '1.1.0' ],
29 silly audit   merge2: [ '1.4.1' ],
29 silly audit   micromatch: [ '4.0.8' ],
29 silly audit   minimist: [ '1.2.8' ],
29 silly audit   minipass: [ '7.1.3' ],
29 silly audit   ms: [ '2.1.3' ],
29 silly audit   mz: [ '2.7.0' ],
29 silly audit   nanoid: [ '3.3.11' ],
29 silly audit   'napi-postinstall': [ '0.3.4' ],
29 silly audit   'natural-compare': [ '1.4.0' ],
29 silly audit   next: [ '14.2.3' ],
29 silly audit   postcss: [ '8.4.31', '8.5.12' ],
29 silly audit   'node-exports-info': [ '1.6.0' ],
29 silly audit   'normalize-path': [ '3.0.0' ],
29 silly audit   'object-assign': [ '4.1.1' ],
29 silly audit   'object-hash': [ '3.0.0' ],
29 silly audit   'object-inspect': [ '1.13.4' ],
29 silly audit   'object-keys': [ '1.1.1' ],
29 silly audit   'object.assign': [ '4.1.7' ],
29 silly audit   'object.entries': [ '1.1.9' ],
29 silly audit   'object.fromentries': [ '2.0.8' ],
29 silly audit   'object.groupby': [ '1.0.3' ],
29 silly audit   'object.values': [ '1.2.1' ],
29 silly audit   once: [ '1.4.0' ],
29 silly audit   optionator: [ '0.9.4' ],
29 silly audit   'own-keys': [ '1.0.1' ],
29 silly audit   'p-limit': [ '3.1.0' ],
29 silly audit   'p-locate': [ '5.0.0' ],
29 silly audit   'parent-module': [ '1.0.1' ],
29 silly audit   'path-exists': [ '4.0.0' ],
29 silly audit   'path-is-absolute': [ '1.0.1' ],
29 silly audit   'path-key': [ '3.1.1' ],
29 silly audit   'path-parse': [ '1.0.7' ],
29 silly audit   'path-scurry': [ '1.11.1' ],
29 silly audit   'path-type': [ '4.0.0' ],
29 silly audit   picocolors: [ '1.1.1' ],
29 silly audit   picomatch: [ '2.3.2', '4.0.4' ],
29 silly audit   pify: [ '2.3.0' ],
29 silly audit   pirates: [ '4.0.7' ],
29 silly audit   'possible-typed-array-names': [ '1.1.0' ],
29 silly audit   'postcss-import': [ '15.1.0' ],
29 silly audit   resolve: [ '1.22.12', '2.0.0-next.6' ],
29 silly audit   'postcss-js': [ '4.1.0' ],
29 silly audit   'postcss-load-config': [ '6.0.1' ],
29 silly audit   'postcss-nested': [ '6.2.0' ],
29 silly audit   'postcss-selector-parser': [ '6.1.2' ],
29 silly audit   'postcss-value-parser': [ '4.2.0' ],
29 silly audit   'prelude-ls': [ '1.2.1' ],
29 silly audit   'prop-types': [ '15.8.1' ],
29 silly audit   punycode: [ '2.3.1' ],
29 silly audit   'queue-microtask': [ '1.2.3' ],
29 silly audit   react: [ '18.3.1' ],
29 silly audit   'react-dom': [ '18.3.1' ],
29 silly audit   'react-is': [ '16.13.1' ],
29 silly audit   'read-cache': [ '1.0.0' ],
29 silly audit   readdirp: [ '3.6.0' ],
29 silly audit   'reflect.getprototypeof': [ '1.0.10' ],
29 silly audit   'regexp.prototype.flags': [ '1.5.4' ],
29 silly audit   'resolve-from': [ '4.0.0' ],
29 silly audit   'resolve-pkg-maps': [ '1.0.0' ],
29 silly audit   reusify: [ '1.1.0' ],
29 silly audit   rimraf: [ '3.0.2' ],
29 silly audit   'run-parallel': [ '1.2.0' ],
29 silly audit   'safe-array-concat': [ '1.1.4' ],
29 silly audit   'safe-push-apply': [ '1.0.0' ],
29 silly audit   'safe-regex-test': [ '1.1.0' ],
29 silly audit   scheduler: [ '0.23.2' ],
29 silly audit   'set-function-length': [ '1.2.2' ],
29 silly audit   'set-function-name': [ '2.0.2' ],
29 silly audit   'set-proto': [ '1.0.0' ],
29 silly audit   'shebang-command': [ '2.0.0' ],
29 silly audit   'shebang-regex': [ '3.0.0' ],
29 silly audit   'side-channel': [ '1.1.0' ],
29 silly audit   'side-channel-list': [ '1.0.1' ],
29 silly audit   'side-channel-map': [ '1.0.1' ],
29 silly audit   'side-channel-weakmap': [ '1.0.2' ],
29 silly audit   'signal-exit': [ '4.1.0' ],
29 silly audit   slash: [ '3.0.0' ],
29 silly audit   'source-map-js': [ '1.2.1' ],
29 silly audit   'stable-hash': [ '0.0.5' ],
29 silly audit   'stop-iteration-iterator': [ '1.1.0' ],
29 silly audit   streamsearch: [ '1.1.0' ],
29 silly audit   'string-width': [ '5.1.2', '4.2.3' ],
29 silly audit   'string.prototype.includes': [ '2.0.1' ],
29 silly audit   'string.prototype.matchall': [ '4.0.12' ],
29 silly audit   'string.prototype.repeat': [ '1.0.0' ],
29 silly audit   'string.prototype.trim': [ '1.2.10' ],
29 silly audit   'string.prototype.trimend': [ '1.0.9' ],
29 silly audit   'string.prototype.trimstart': [ '1.0.8' ],
29 silly audit   'strip-bom': [ '3.0.0' ],
29 silly audit   'strip-json-comments': [ '3.1.1' ],
29 silly audit   'styled-jsx': [ '5.1.1' ],
29 silly audit   sucrase: [ '3.35.1' ],
29 silly audit   'supports-color': [ '7.2.0' ],
29 silly audit   'supports-preserve-symlinks-flag': [ '1.0.0' ],
29 silly audit   tailwindcss: [ '3.4.19' ],
29 silly audit   'text-table': [ '0.2.0' ],
29 silly audit   thenify: [ '3.3.1' ],
29 silly audit   'thenify-all': [ '1.6.0' ],
29 silly audit   tinyglobby: [ '0.2.16' ],
29 silly audit   fdir: [ '6.5.0' ],
29 silly audit   'to-regex-range': [ '5.0.1' ],
29 silly audit   'ts-api-utils': [ '1.4.3' ],
29 silly audit   'ts-interface-checker': [ '0.1.13' ],
29 silly audit   'tsconfig-paths': [ '3.15.0' ],
29 silly audit   tslib: [ '2.8.1' ],
29 silly audit   'type-check': [ '0.4.0' ],
29 silly audit   'type-fest': [ '0.20.2' ],
29 silly audit   'typed-array-buffer': [ '1.0.3' ],
29 silly audit   'typed-array-byte-length': [ '1.0.3' ],
29 silly audit   'typed-array-byte-offset': [ '1.0.4' ],
29 silly audit   'typed-array-length': [ '1.0.7' ],
29 silly audit   typescript: [ '5.9.3' ],
29 silly audit   'unbox-primitive': [ '1.1.0' ],
29 silly audit   'undici-types': [ '6.21.0' ],
29 silly audit   'unrs-resolver': [ '1.11.1' ],
29 silly audit   'uri-js': [ '4.4.1' ],
29 silly audit   'util-deprecate': [ '1.0.2' ],
29 silly audit   which: [ '2.0.2' ],
29 silly audit   'which-boxed-primitive': [ '1.1.1' ],
29 silly audit   'which-builtin-type': [ '1.2.1' ],
29 silly audit   'which-collection': [ '1.0.2' ],
29 silly audit   'which-typed-array': [ '1.1.20' ],
29 silly audit   'word-wrap': [ '1.2.5' ],
29 silly audit   'wrap-ansi': [ '8.1.0', '7.0.0' ],
29 silly audit   wrappy: [ '1.0.2' ],
29 silly audit   ws: [ '8.20.0' ],
29 silly audit   'yocto-queue': [ '0.1.0' ],
29 silly audit   '@supabase/ssr': [ '0.10.2' ],
29 silly audit   cookie: [ '1.1.1' ]
29 silly audit }
30 http cache fsevents@https://registry.npmjs.org/fsevents/-/fsevents-2.3.3.tgz 0ms (cache hit)
31 http cache cookie@https://registry.npmjs.org/cookie/-/cookie-1.1.1.tgz 0ms (cache hit)
32 http cache @supabase/ssr@https://registry.npmjs.org/@supabase/ssr/-/ssr-0.10.2.tgz 0ms (cache hit)
33 silly tarball no local data for cookie@https://registry.npmjs.org/cookie/-/cookie-1.1.1.tgz. Extracting by manifest.
34 silly tarball no local data for @supabase/ssr@https://registry.npmjs.org/@supabase/ssr/-/ssr-0.10.2.tgz. Extracting by manifest.
35 http fetch GET 200 https://registry.npmjs.org/cookie/-/cookie-1.1.1.tgz 49ms (cache miss)
36 http fetch POST 200 https://registry.npmjs.org/-/npm/v1/security/advisories/bulk 215ms
37 silly audit report {
37 silly audit report   minimatch: [
37 silly audit report     {
37 silly audit report       id: 1113465,
37 silly audit report       url: 'https://github.com/advisories/GHSA-3ppc-4f35-3m26',
37 silly audit report       title: 'minimatch has a ReDoS via repeated wildcards with non-matching literal in pattern',
37 silly audit report       severity: 'high',
37 silly audit report       vulnerable_versions: '>=9.0.0 <9.0.6',
37 silly audit report       cwe: [Array],
37 silly audit report       cvss: [Object]
37 silly audit report     },
37 silly audit report     {
37 silly audit report       id: 1113544,
37 silly audit report       url: 'https://github.com/advisories/GHSA-7r86-cg39-jmmj',
37 silly audit report       title: 'minimatch has ReDoS: matchOne() combinatorial backtracking via multiple non-adjacent GLOBSTAR segments',
37 silly audit report       severity: 'high',
37 silly audit report       vulnerable_versions: '>=9.0.0 <9.0.7',
37 silly audit report       cwe: [Array],
37 silly audit report       cvss: [Object]
37 silly audit report     },
37 silly audit report     {
37 silly audit report       id: 1113552,
37 silly audit report       url: 'https://github.com/advisories/GHSA-23c5-xmqv-rm74',
37 silly audit report       title: 'minimatch ReDoS: nested *() extglobs generate catastrophically backtracking regular expressions',
37 silly audit report       severity: 'high',
37 silly audit report       vulnerable_versions: '>=9.0.0 <9.0.7',
37 silly audit report       cwe: [Array],
37 silly audit report       cvss: [Object]
37 silly audit report     }
37 silly audit report   ],
37 silly audit report   glob: [
37 silly audit report     {
37 silly audit report       id: 1109842,
37 silly audit report       url: 'https://github.com/advisories/GHSA-5j98-mcp5-4vw2',
37 silly audit report       title: 'glob CLI: Command injection via -c/--cmd executes matches with shell:true',
37 silly audit report       severity: 'high',
37 silly audit report       vulnerable_versions: '>=10.2.0 <10.5.0',
37 silly audit report       cwe: [Array],
37 silly audit report       cvss: [Object]
37 silly audit report     }
37 silly audit report   ],
37 silly audit report   next: [
37 silly audit report     {
37 silly audit report       id: 1099638,
37 silly audit report       url: 'https://github.com/advisories/GHSA-gp8f-8m3g-qvj9',
37 silly audit report       title: 'Next.js Cache Poisoning',
37 silly audit report       severity: 'high',
37 silly audit report       vulnerable_versions: '>=14.0.0 <14.2.10',
37 silly audit report       cwe: [Array],
37 silly audit report       cvss: [Object]
37 silly audit report     },
37 silly audit report     {
37 silly audit report       id: 1100421,
37 silly audit report       url: 'https://github.com/advisories/GHSA-g77x-44xx-532m',
37 silly audit report       title: 'Denial of Service condition in Next.js image optimization',
37 silly audit report       severity: 'moderate',
37 silly audit report       vulnerable_versions: '>=10.0.0 <14.2.7',
37 silly audit report       cwe: [Array],
37 silly audit report       cvss: [Object]
37 silly audit report     },
37 silly audit report     {
37 silly audit report       id: 1101438,
37 silly audit report       url: 'https://github.com/advisories/GHSA-7m27-7ghc-44w9',
37 silly audit report       title: 'Next.js Allows a Denial of Service (DoS) with Server Actions',
37 silly audit report       severity: 'moderate',
37 silly audit report       vulnerable_versions: '>=14.0.0 <14.2.21',
37 silly audit report       cwe: [Array],
37 silly audit report       cvss: [Object]
37 silly audit report     },
37 silly audit report     {
37 silly audit report       id: 1105461,
37 silly audit report       url: 'https://github.com/advisories/GHSA-3h52-269p-cp9r',
37 silly audit report       title: 'Information exposure in Next.js dev server due to lack of origin verification',
37 silly audit report       severity: 'low',
37 silly audit report       vulnerable_versions: '>=13.0 <14.2.30',
37 silly audit report       cwe: [Array],
37 silly audit report       cvss: [Object]
37 silly audit report     },
37 silly audit report     {
37 silly audit report       id: 1111391,
37 silly audit report       url: 'https://github.com/advisories/GHSA-mwv6-3258-q52c',
37 silly audit report       title: 'Next Vulnerable to Denial of Service with Server Components',
37 silly audit report       severity: 'high',
37 silly audit report       vulnerable_versions: '>=13.3.0 <14.2.34',
37 silly audit report       cwe: [Array],
37 silly audit report       cvss: [Object]
37 silly audit report     },
37 silly audit report     {
37 silly audit report       id: 1107226,
37 silly audit report       url: 'https://github.com/advisories/GHSA-g5qg-72qw-gw5v',
37 silly audit report       title: 'Next.js Affected by Cache Key Confusion for Image Optimization API Routes',
37 silly audit report       severity: 'moderate',
37 silly audit report       vulnerable_versions: '>=0.9.9 <14.2.31',
37 silly audit report       cwe: [Array],
37 silly audit report       cvss: [Object]
37 silly audit report     },
37 silly audit report     {
37 silly audit report       id: 1107420,
37 silly audit report       url: 'https://github.com/advisories/GHSA-7gfc-8cq8-jh5f',
37 silly audit report       title: 'Next.js authorization bypass vulnerability',
37 silly audit report       severity: 'high',
37 silly audit report       vulnerable_versions: '>=9.5.5 <14.2.15',
37 silly audit report       cwe: [Array],
37 silly audit report       cvss: [Object]
37 silly audit report     },
37 silly audit report     {
37 silly audit report       id: 1107512,
37 silly audit report       url: 'https://github.com/advisories/GHSA-4342-x723-ch2f',
37 silly audit report       title: 'Next.js Improper Middleware Redirect Handling Leads to SSRF',
37 silly audit report       severity: 'moderate',
37 silly audit report       vulnerable_versions: '>=0.9.9 <14.2.32',
37 silly audit report       cwe: [Array],
37 silly audit report       cvss: [Object]
37 silly audit report     },
37 silly audit report     {
37 silly audit report       id: 1107513,
37 silly audit report       url: 'https://github.com/advisories/GHSA-xv57-4mr9-wg8v',
37 silly audit report       title: 'Next.js Content Injection Vulnerability for Image Optimization',
37 silly audit report       severity: 'moderate',
37 silly audit report       vulnerable_versions: '>=0.9.9 <14.2.31',
37 silly audit report       cwe: [Array],
37 silly audit report       cvss: [Object]
37 silly audit report     },
37 silly audit report     {
37 silly audit report       id: 1112182,
37 silly audit report       url: 'https://github.com/advisories/GHSA-5j59-xgg2-r9c4',
37 silly audit report       title: 'Next has a Denial of Service with Server Components - Incomplete Fix Follow-Up',
37 silly audit report       severity: 'high',
37 silly audit report       vulnerable_versions: '>=13.3.1-canary.0 <14.2.35',
37 silly audit report       cwe: [Array],
37 silly audit report       cvss: [Object]
37 silly audit report     },
37 silly audit report     {
37 silly audit report       id: 1108291,
37 silly audit report       url: 'https://github.com/advisories/GHSA-qpjv-v59x-3qc4',
37 silly audit report       title: 'Next.js Race Condition to Cache Poisoning',
37 silly audit report       severity: 'low',
37 silly audit report       vulnerable_versions: '>=0.9.9 <14.2.24',
37 silly audit report       cwe: [Array],
37 silly audit report       cvss: [Object]
37 silly audit report     },
37 silly audit report     {
37 silly audit report       id: 1112593,
37 silly audit report       url: 'https://github.com/advisories/GHSA-9g9p-9gw9-jx7f',
37 silly audit report       title: 'Next.js self-hosted applications vulnerable to DoS via Image Optimizer remotePatterns configuration',
37 silly audit report       severity: 'moderate',
37 silly audit report       vulnerable_versions: '>=10.0.0 <15.5.10',
37 silly audit report       cwe: [Array],
37 silly audit report       cvss: [Object]
37 silly audit report     },
37 silly audit report     {
37 silly audit report       id: 1112653,
37 silly audit report       url: 'https://github.com/advisories/GHSA-h25m-26qc-wcjf',
37 silly audit report       title: 'Next.js HTTP request deserialization can lead to DoS when using insecure React Server Components',
37 silly audit report       severity: 'high',
37 silly audit report       vulnerable_versions: '>=13.0.0 <15.0.8',
37 silly audit report       cwe: [Array],
37 silly audit report       cvss: [Object]
37 silly audit report     },
37 silly audit report     {
37 silly audit report       id: 1113689,
37 silly audit report       url: 'https://github.com/advisories/GHSA-f82v-jwr5-mffw',
37 silly audit report       title: 'Authorization Bypass in Next.js Middleware',
37 silly audit report       severity: 'critical',
37 silly audit report       vulnerable_versions: '>=14.0.0 <14.2.25',
37 silly audit report       cwe: [Array],
37 silly audit report       cvss: [Object]
37 silly audit report     },
37 silly audit report     {
37 silly audit report       id: 1114897,
37 silly audit report       url: 'https://github.com/advisories/GHSA-ggv3-7p47-pfv8',
37 silly audit report       title: 'Next.js: HTTP request smuggling in rewrites',
37 silly audit report       severity: 'moderate',
37 silly audit report       vulnerable_versions: '>=9.5.0 <15.5.13',
37 silly audit report       cwe: [Array],
37 silly audit report       cvss: [Object]
37 silly audit report     },
37 silly audit report     {
37 silly audit report       id: 1114940,
37 silly audit report       url: 'https://github.com/advisories/GHSA-3x4c-7xq6-9pq8',
37 silly audit report       title: 'Next.js: Unbounded next/image disk cache growth can exhaust storage',
37 silly audit report       severity: 'moderate',
37 silly audit report       vulnerable_versions: '>=10.0.0 <15.5.14',
37 silly audit report       cwe: [Array],
37 silly audit report       cvss: [Object]
37 silly audit report     },
37 silly audit report     {
37 silly audit report       id: 1116376,
37 silly audit report       url: 'https://github.com/advisories/GHSA-q4gf-8mx6-v5v3',
37 silly audit report       title: 'Next.js has a Denial of Service with Server Components',
37 silly audit report       severity: 'high',
37 silly audit report       vulnerable_versions: '>=13.0.0 <15.5.15',
37 silly audit report       cwe: [Array],
37 silly audit report       cvss: [Object]
37 silly audit report     }
37 silly audit report   ],
37 silly audit report   postcss: [
37 silly audit report     {
37 silly audit report       id: 1117015,
37 silly audit report       url: 'https://github.com/advisories/GHSA-qx2v-qp2m-jg93',
37 silly audit report       title: 'PostCSS has XSS via Unescaped </style> in its CSS Stringify Output',
37 silly audit report       severity: 'moderate',
37 silly audit report       vulnerable_versions: '<8.5.10',
37 silly audit report       cwe: [Array],
37 silly audit report       cvss: [Object]
37 silly audit report     }
37 silly audit report   ]
37 silly audit report }
38 silly packumentCache corgi:https://registry.npmjs.org/minimatch cache-miss
39 silly packumentCache corgi:https://registry.npmjs.org/glob cache-miss
40 silly packumentCache corgi:https://registry.npmjs.org/next cache-miss
41 silly packumentCache corgi:https://registry.npmjs.org/postcss cache-miss
42 http fetch GET 200 https://registry.npmjs.org/minimatch 33ms (cache revalidated)
43 silly packumentCache corgi:https://registry.npmjs.org/minimatch set size:168441 disposed:false
44 http fetch GET 200 https://registry.npmjs.org/glob 34ms (cache revalidated)
45 silly packumentCache corgi:https://registry.npmjs.org/glob set size:199194 disposed:false
46 http fetch GET 200 https://registry.npmjs.org/postcss 58ms (cache revalidated)
47 silly packumentCache corgi:https://registry.npmjs.org/postcss set size:342185 disposed:false
48 http fetch GET 200 https://registry.npmjs.org/@supabase/ssr/-/ssr-0.10.2.tgz 282ms (cache miss)
49 http fetch GET 200 https://registry.npmjs.org/next 698ms (cache revalidated)
50 silly packumentCache corgi:https://registry.npmjs.org/next set size:24810183 disposed:false
51 silly packumentCache corgi:https://registry.npmjs.org/@typescript-eslint%2ftypescript-estree cache-miss
52 http fetch GET 200 https://registry.npmjs.org/@typescript-eslint%2ftypescript-estree 840ms (cache revalidated)
53 silly packumentCache corgi:https://registry.npmjs.org/@typescript-eslint%2ftypescript-estree set size:8627579 disposed:false
54 silly packumentCache corgi:https://registry.npmjs.org/@next%2feslint-plugin-next cache-miss
55 http fetch GET 200 https://registry.npmjs.org/@next%2feslint-plugin-next 609ms (cache revalidated)
56 silly packumentCache corgi:https://registry.npmjs.org/@next%2feslint-plugin-next set size:3202897 disposed:false
57 silly packumentCache corgi:https://registry.npmjs.org/@typescript-eslint%2fparser cache-miss
58 http fetch GET 200 https://registry.npmjs.org/@typescript-eslint%2fparser 429ms (cache revalidated)
59 silly packumentCache corgi:https://registry.npmjs.org/@typescript-eslint%2fparser set size:8016640 disposed:false
60 silly packumentCache corgi:https://registry.npmjs.org/eslint-config-next cache-miss
61 http fetch GET 200 https://registry.npmjs.org/eslint-config-next 24ms (cache revalidated)
62 silly packumentCache corgi:https://registry.npmjs.org/eslint-config-next set size:3852863 disposed:false
63 silly ADD node_modules/cookie
64 silly ADD node_modules/@supabase/ssr
65 silly ADD node_modules/fsevents
66 verbose cwd /Users/benjamin/Projects/Kuva-v2/kuva-latest
67 verbose os Darwin 25.1.0
68 verbose node v24.11.0
69 verbose npm  v11.7.0
70 verbose exit 0
71 info ok
