0 verbose cli /usr/local/bin/node /usr/local/bin/npm
1 info using npm@11.13.0
2 info using node@v24.11.0
3 silly config load:file:/usr/local/lib/node_modules/npm/npmrc
4 silly config load:file:/Users/benjamin/Projects/Kuva-v2/kuva-latest/.npmrc
5 silly config load:file:/Users/benjamin/.npmrc
6 silly config load:file:/usr/local/etc/npmrc
7 verbose title npm run decv
8 verbose argv "run" "decv"
9 verbose logfile logs-max:10 dir:/Users/benjamin/Projects/Kuva-v2/kuva-latest/.npm-cache/_logs/2026-05-06T09_20_56_516Z-
10 verbose logfile /Users/benjamin/Projects/Kuva-v2/kuva-latest/.npm-cache/_logs/2026-05-06T09_20_56_516Z-debug-0.log
11 silly logfile start cleaning logs, removing 1 files
12 silly logfile done cleaning log files
13 verbose stack Error: Missing script: "decv"
13 verbose stack
13 verbose stack Did you mean this?
13 verbose stack   npm run dev # run the "dev" package script
13 verbose stack
13 verbose stack To see a list of scripts, run:
13 verbose stack   npm run
13 verbose stack     at #run (/usr/local/lib/node_modules/npm/lib/commands/run.js:115:13)
13 verbose stack     at async RunScript.exec (/usr/local/lib/node_modules/npm/lib/commands/run.js:44:7)
13 verbose stack     at async Npm.exec (/usr/local/lib/node_modules/npm/lib/npm.js:193:9)
13 verbose stack     at async module.exports (/usr/local/lib/node_modules/npm/lib/cli/entry.js:67:5)
14 error Missing script: "decv"
14 error
14 error Did you mean this?
14 error   npm run dev # run the "dev" package script
14 error
14 error To see a list of scripts, run:
14 error   npm run
15 verbose cwd /Users/benjamin/Projects/Kuva-v2/kuva-latest
16 verbose os Darwin 25.1.0
17 verbose node v24.11.0
18 verbose npm  v11.13.0
19 verbose exit 1
20 verbose code 1
21 error A complete log of this run can be found in: /Users/benjamin/Projects/Kuva-v2/kuva-latest/.npm-cache/_logs/2026-05-06T09_20_56_516Z-debug-0.log
